// Jest Snapshot v1, https://goo.gl/fbAQLP

exports[`<PostCard/> should match snapshot 1`] = `
<div>
  <div
    class="post"
  >
    <img
      alt="any-title"
      src="any-image.png"
    />
    <div
      class="post-content"
    >
      <h2>
        any-title
      </h2>
      <p>
        any-body
      </p>
    </div>
  </div>
</div>
`;
